data_01-24-25 : 0138.jpg
data_01-13-44 : 0113.jpg
data_01-13-44 : 0114.jpg
data_01-13-44 : 0115.jpg
data_01-13-44 : 0116.jpg
data_01-13-44 : 0117.jpg
data_01-13-44 : 0118.jpg
data_01-13-44 : 0119.jpg
data_01-13-44 : 0120.jpg
data_01-13-44 : 0121.jpg
data_01-13-44 : 0122.jpg
data_01-13-44 : 0123.jpg
data_01-13-44 : 0124.jpg
data_01-13-44 : 0125.jpg
data_01-13-44 : 0126.jpg
data_01-13-44 : 0127.jpg
data_01-13-44 : 0128.jpg
data_01-13-44 : 0129.jpg
data_01-13-44 : 0130.jpg
data_01-13-44 : 0131.jpg
data_01-13-44 : 0132.jpg
data_01-13-44 : 0133.jpg
data_01-13-44 : 0134.jpg
data_01-13-44 : 0135.jpg
data_01-13-44 : 0136.jpg
data_01-13-44 : 0137.jpg
data_01-13-44 : 0138.jpg
data_01-13-44 : 0139.jpg
data_01-13-44 : 0140.jpg
data_01-13-44 : 0141.jpg
data_01-13-44 : 0142.jpg
data_01-13-44 : 0143.jpg
data_01-13-44 : 0144.jpg
data_01-13-44 : 0145.jpg
data_01-13-44 : 0146.jpg
data_01-13-44 : 0147.jpg
data_01-13-44 : 0148.jpg
data_01-13-44 : 0149.jpg
data_01-13-44 : 0150.jpg
data_01-13-44 : 0151.jpg
data_01-13-44 : 0152.jpg
data_01-13-44 : 0153.jpg
data_01-13-44 : 0154.jpg
data_01-13-44 : 0155.jpg
data_01-13-44 : 0156.jpg
data_01-13-44 : 0157.jpg
data_01-13-44 : 0158.jpg
data_01-13-44 : 0159.jpg
data_01-13-44 : 0160.jpg
data_01-13-44 : 0161.jpg
data_01-13-44 : 0162.jpg
data_01-13-44 : 0163.jpg
data_01-15-03 : 0113.jpg
data_01-15-03 : 0114.jpg
data_01-15-03 : 0115.jpg
data_01-15-03 : 0116.jpg
data_01-15-03 : 0117.jpg
data_01-15-03 : 0118.jpg
data_01-15-03 : 0119.jpg
data_01-15-03 : 0120.jpg
data_01-15-03 : 0121.jpg
data_01-15-03 : 0122.jpg
data_01-15-03 : 0123.jpg
data_01-15-03 : 0124.jpg
data_01-15-03 : 0125.jpg
data_01-15-03 : 0126.jpg
data_01-15-03 : 0127.jpg
data_01-15-03 : 0128.jpg
data_01-15-03 : 0129.jpg
data_01-15-03 : 0130.jpg
data_01-15-03 : 0131.jpg
data_01-15-03 : 0132.jpg
data_01-15-03 : 0133.jpg
data_01-15-03 : 0134.jpg
data_01-15-03 : 0135.jpg
data_01-15-03 : 0136.jpg
data_01-15-03 : 0137.jpg
data_01-15-03 : 0138.jpg
data_01-15-03 : 0139.jpg
data_01-15-03 : 0140.jpg
data_01-15-03 : 0141.jpg
data_01-15-03 : 0142.jpg
data_01-15-03 : 0143.jpg
data_01-15-03 : 0144.jpg
data_01-15-03 : 0145.jpg
data_01-15-03 : 0146.jpg
data_01-15-03 : 0147.jpg
data_01-15-03 : 0148.jpg
data_01-15-03 : 0149.jpg
data_01-15-03 : 0150.jpg
data_01-15-03 : 0151.jpg
data_01-15-03 : 0152.jpg
data_01-15-03 : 0153.jpg
data_01-15-03 : 0154.jpg
data_01-15-03 : 0155.jpg
data_01-15-03 : 0156.jpg
data_01-15-03 : 0157.jpg
data_01-15-03 : 0158.jpg
data_01-15-03 : 0159.jpg
data_01-15-03 : 0160.jpg
data_01-15-03 : 0161.jpg
data_01-15-03 : 0162.jpg
data_01-15-03 : 0163.jpg
data_01-15-03 : 0164.jpg
data_01-15-49 : 0113.jpg
data_01-15-49 : 0114.jpg
data_01-15-49 : 0115.jpg
data_01-15-49 : 0116.jpg
data_01-15-49 : 0117.jpg
data_01-15-49 : 0118.jpg
data_01-15-49 : 0119.jpg
data_01-15-49 : 0120.jpg
data_01-15-49 : 0121.jpg
data_01-15-49 : 0122.jpg
data_01-15-49 : 0123.jpg
data_01-15-49 : 0124.jpg
data_01-15-49 : 0125.jpg
data_01-15-49 : 0126.jpg
data_01-15-49 : 0127.jpg
data_01-15-49 : 0128.jpg
data_01-15-49 : 0129.jpg
data_01-15-49 : 0130.jpg
data_01-15-49 : 0131.jpg
data_01-15-49 : 0132.jpg
data_01-15-49 : 0133.jpg
data_01-15-49 : 0134.jpg
data_01-15-49 : 0135.jpg
data_01-15-49 : 0136.jpg
data_01-15-49 : 0137.jpg
data_01-15-49 : 0138.jpg
data_01-15-49 : 0139.jpg
data_01-15-49 : 0140.jpg
data_01-15-49 : 0141.jpg
data_01-15-49 : 0142.jpg
data_01-15-49 : 0143.jpg
data_01-15-49 : 0144.jpg
data_01-15-49 : 0145.jpg
data_01-15-49 : 0146.jpg
data_01-15-49 : 0147.jpg
data_01-15-49 : 0148.jpg
data_01-15-49 : 0149.jpg
data_01-15-49 : 0150.jpg
data_01-15-49 : 0151.jpg
data_01-15-49 : 0152.jpg
data_01-15-49 : 0153.jpg
data_01-15-49 : 0154.jpg
data_01-15-49 : 0155.jpg
data_01-15-49 : 0156.jpg
data_01-15-49 : 0157.jpg
data_01-15-49 : 0158.jpg
data_01-15-49 : 0159.jpg
data_01-15-49 : 0160.jpg
data_01-15-49 : 0161.jpg
data_01-15-49 : 0162.jpg
data_01-15-49 : 0163.jpg
data_01-15-49 : 0164.jpg
data_01-15-49 : 0165.jpg
data_01-15-49 : 0166.jpg
data_01-15-49 : 0167.jpg
data_01-15-49 : 0168.jpg
data_01-15-49 : 0169.jpg
data_01-15-49 : 0170.jpg
data_01-15-49 : 0171.jpg
data_01-15-49 : 0172.jpg
data_01-15-49 : 0173.jpg
data_01-15-49 : 0174.jpg
data_01-15-49 : 0175.jpg
data_01-15-49 : 0176.jpg
data_01-15-49 : 0177.jpg
data_01-15-49 : 0178.jpg
data_01-15-49 : 0179.jpg
data_01-15-49 : 0180.jpg
data_01-15-49 : 0181.jpg
data_01-15-49 : 0182.jpg
data_01-15-49 : 0183.jpg
data_01-15-49 : 0184.jpg
data_01-15-49 : 0185.jpg
data_01-15-49 : 0186.jpg
data_01-15-49 : 0187.jpg
data_01-15-49 : 0188.jpg
data_01-15-49 : 0189.jpg
data_01-15-49 : 0190.jpg
data_01-15-49 : 0191.jpg
data_01-15-49 : 0192.jpg
data_01-15-49 : 0193.jpg
data_01-15-49 : 0194.jpg
data_01-15-49 : 0195.jpg
data_01-15-49 : 0196.jpg
data_01-15-49 : 0197.jpg
data_01-20-27 : 0113.jpg
data_01-20-27 : 0114.jpg
data_01-20-27 : 0115.jpg
data_01-20-27 : 0116.jpg
data_01-20-27 : 0117.jpg
data_01-20-27 : 0118.jpg
data_01-20-27 : 0119.jpg
data_01-20-27 : 0120.jpg
data_01-20-27 : 0121.jpg
data_01-20-27 : 0122.jpg
data_01-20-27 : 0123.jpg
data_01-20-27 : 0124.jpg
data_01-20-27 : 0125.jpg
data_01-20-27 : 0126.jpg
data_01-20-27 : 0127.jpg
data_01-20-27 : 0128.jpg
data_01-20-27 : 0129.jpg
data_01-20-27 : 0130.jpg
data_01-20-27 : 0131.jpg
data_01-20-27 : 0132.jpg
data_01-20-27 : 0133.jpg
data_01-20-27 : 0134.jpg
data_01-20-27 : 0135.jpg
data_01-20-27 : 0136.jpg
data_01-21-56 : 0113.jpg
data_01-21-56 : 0114.jpg
data_01-21-56 : 0115.jpg
data_01-21-56 : 0116.jpg
data_01-21-56 : 0117.jpg
data_01-21-56 : 0118.jpg
data_01-21-56 : 0119.jpg
data_01-21-56 : 0120.jpg
data_01-21-56 : 0121.jpg
data_01-21-56 : 0122.jpg
data_01-21-56 : 0123.jpg
data_01-21-56 : 0124.jpg
data_01-21-56 : 0125.jpg
data_01-21-56 : 0126.jpg
data_01-21-56 : 0127.jpg
data_01-21-56 : 0128.jpg
data_01-21-56 : 0129.jpg
data_01-21-56 : 0130.jpg
data_01-21-56 : 0131.jpg
data_01-21-56 : 0132.jpg
data_01-21-56 : 0133.jpg
data_01-21-56 : 0134.jpg
data_01-21-56 : 0135.jpg
data_01-21-56 : 0136.jpg
data_01-21-56 : 0137.jpg
data_01-21-56 : 0138.jpg
data_01-21-56 : 0139.jpg
data_01-21-56 : 0140.jpg
data_01-23-06 : 0113.jpg
data_01-23-06 : 0114.jpg
data_01-23-06 : 0115.jpg
data_01-23-06 : 0116.jpg
data_01-23-06 : 0117.jpg
data_01-23-06 : 0118.jpg
data_01-23-06 : 0119.jpg
data_01-23-06 : 0120.jpg
data_01-23-06 : 0121.jpg
data_01-23-06 : 0122.jpg
data_01-23-06 : 0123.jpg
data_01-23-06 : 0124.jpg
data_01-23-06 : 0125.jpg
data_01-23-06 : 0126.jpg
data_01-23-06 : 0127.jpg
data_01-23-06 : 0128.jpg
data_01-23-06 : 0129.jpg
data_01-23-06 : 0130.jpg
data_01-23-06 : 0131.jpg
data_01-23-06 : 0132.jpg
data_01-23-06 : 0133.jpg
data_01-23-06 : 0134.jpg
data_01-23-06 : 0135.jpg
data_01-23-06 : 0136.jpg
data_01-23-06 : 0137.jpg
data_01-23-06 : 0138.jpg
data_01-23-06 : 0139.jpg
data_01-23-06 : 0140.jpg
data_01-23-06 : 0141.jpg
data_01-23-06 : 0142.jpg
data_01-23-06 : 0143.jpg
data_01-23-06 : 0144.jpg
data_01-23-06 : 0145.jpg
data_01-23-06 : 0146.jpg
data_01-23-06 : 0147.jpg
data_01-24-25 : 0113.jpg
data_01-24-25 : 0114.jpg
data_01-24-25 : 0115.jpg
data_01-24-25 : 0116.jpg
data_01-24-25 : 0117.jpg
data_01-24-25 : 0118.jpg
data_01-24-25 : 0119.jpg
data_01-24-25 : 0120.jpg
data_01-24-25 : 0121.jpg
data_01-24-25 : 0122.jpg
data_01-24-25 : 0123.jpg
data_01-24-25 : 0124.jpg
data_01-24-25 : 0125.jpg
data_01-24-25 : 0126.jpg
data_01-24-25 : 0127.jpg
data_01-24-25 : 0128.jpg
data_01-24-25 : 0129.jpg
data_01-24-25 : 0130.jpg
data_01-24-25 : 0131.jpg
data_01-24-25 : 0132.jpg
data_01-24-25 : 0133.jpg
data_01-24-25 : 0134.jpg
data_01-24-25 : 0135.jpg
data_01-24-25 : 0136.jpg
data_01-24-25 : 0137.jpg
data_01-24-25 : 0138.jpg
data_01-29-44 : 0113.jpg
data_01-29-44 : 0114.jpg
data_01-29-44 : 0115.jpg
data_01-29-44 : 0116.jpg
data_01-29-44 : 0117.jpg
data_01-29-44 : 0118.jpg
data_01-29-44 : 0119.jpg
data_01-29-44 : 0120.jpg
data_01-29-44 : 0121.jpg
data_01-29-44 : 0122.jpg
data_01-29-44 : 0123.jpg
data_01-29-44 : 0124.jpg
data_01-29-44 : 0125.jpg
data_01-29-44 : 0126.jpg
data_01-29-44 : 0127.jpg
data_01-29-44 : 0128.jpg
data_01-29-44 : 0129.jpg
data_01-29-44 : 0130.jpg
data_01-29-44 : 0131.jpg
data_01-29-44 : 0132.jpg
data_01-29-44 : 0133.jpg
data_01-29-44 : 0134.jpg
data_01-29-44 : 0135.jpg
data_01-29-44 : 0136.jpg
data_01-29-44 : 0137.jpg
data_01-29-44 : 0138.jpg
data_01-29-44 : 0139.jpg
data_01-29-44 : 0140.jpg
data_01-29-44 : 0141.jpg
data_01-29-44 : 0142.jpg
data_01-29-44 : 0143.jpg
data_01-29-44 : 0144.jpg
data_01-29-44 : 0145.jpg
data_01-29-44 : 0146.jpg
data_01-29-44 : 0147.jpg
data_01-29-44 : 0148.jpg
data_01-29-44 : 0149.jpg
data_01-29-44 : 0150.jpg
data_01-29-44 : 0151.jpg
data_01-29-44 : 0152.jpg
data_01-29-44 : 0153.jpg
data_01-29-44 : 0154.jpg
data_01-29-44 : 0155.jpg
data_01-29-44 : 0156.jpg
data_01-29-44 : 0157.jpg
data_01-29-44 : 0158.jpg
data_01-29-44 : 0159.jpg
data_01-29-44 : 0160.jpg
data_01-29-44 : 0161.jpg
data_01-29-44 : 0162.jpg
data_01-29-44 : 0163.jpg
data_01-29-44 : 0164.jpg
data_01-29-44 : 0165.jpg
data_01-29-44 : 0166.jpg
data_01-29-44 : 0167.jpg
data_01-29-44 : 0168.jpg
data_01-29-44 : 0169.jpg
data_01-29-44 : 0170.jpg
data_01-29-44 : 0171.jpg
data_01-29-44 : 0172.jpg
data_01-29-44 : 0173.jpg
data_01-29-44 : 0174.jpg
data_01-29-44 : 0175.jpg
data_01-29-44 : 0176.jpg
data_01-29-44 : 0177.jpg
data_01-29-44 : 0178.jpg
data_01-29-44 : 0179.jpg
data_01-29-44 : 0180.jpg
data_01-29-44 : 0181.jpg
data_01-29-44 : 0182.jpg
data_01-29-44 : 0183.jpg
data_01-29-44 : 0184.jpg
data_01-29-44 : 0185.jpg
data_01-29-44 : 0186.jpg
data_01-29-44 : 0187.jpg
data_01-29-44 : 0188.jpg
data_01-29-44 : 0189.jpg
data_01-29-44 : 0190.jpg
data_01-29-44 : 0191.jpg
data_01-29-44 : 0192.jpg
data_01-29-44 : 0193.jpg
data_01-29-44 : 0194.jpg
data_01-29-44 : 0195.jpg
data_01-29-44 : 0196.jpg
data_01-29-44 : 0197.jpg
data_01-29-44 : 0198.jpg
data_01-29-44 : 0199.jpg
data_01-29-44 : 0200.jpg
data_01-29-44 : 0201.jpg
data_01-29-44 : 0202.jpg
data_01-29-44 : 0203.jpg
data_01-29-44 : 0204.jpg
data_01-29-44 : 0205.jpg
data_01-29-44 : 0206.jpg
data_01-29-44 : 0207.jpg
data_01-29-44 : 0208.jpg
data_01-29-44 : 0209.jpg
data_01-29-44 : 0210.jpg
data_01-29-44 : 0211.jpg
data_01-29-44 : 0212.jpg
data_01-29-44 : 0213.jpg
data_01-29-44 : 0214.jpg
data_01-29-44 : 0215.jpg
data_01-29-44 : 0216.jpg
data_01-29-44 : 0217.jpg
data_01-29-44 : 0218.jpg
data_01-29-44 : 0219.jpg
data_01-29-44 : 0220.jpg
data_01-29-44 : 0221.jpg
data_01-29-44 : 0222.jpg
data_01-29-44 : 0223.jpg
data_01-29-44 : 0224.jpg
data_01-29-44 : 0225.jpg
data_01-29-44 : 0226.jpg
data_01-29-44 : 0227.jpg
data_01-29-44 : 0228.jpg
data_01-29-44 : 0229.jpg
data_01-29-44 : 0230.jpg
data_01-29-44 : 0231.jpg
data_01-29-44 : 0232.jpg
data_01-29-44 : 0233.jpg
data_01-29-44 : 0234.jpg
data_01-29-44 : 0235.jpg
data_01-29-44 : 0236.jpg
data_01-29-44 : 0237.jpg
data_01-29-44 : 0238.jpg
data_01-29-44 : 0239.jpg
data_01-29-44 : 0240.jpg
data_01-29-44 : 0241.jpg
data_01-29-44 : 0242.jpg
data_01-29-44 : 0243.jpg
data_01-29-44 : 0244.jpg
data_01-29-44 : 0245.jpg
data_01-29-44 : 0246.jpg
data_01-29-44 : 0247.jpg
data_01-29-44 : 0248.jpg
data_01-29-44 : 0249.jpg
data_01-29-44 : 0250.jpg
data_01-29-44 : 0251.jpg
data_01-29-44 : 0252.jpg
data_01-29-44 : 0253.jpg
data_01-29-44 : 0254.jpg
data_01-29-44 : 0255.jpg
data_01-29-44 : 0256.jpg
data_01-29-44 : 0257.jpg
data_01-29-44 : 0258.jpg
data_01-29-44 : 0259.jpg
data_01-29-44 : 0260.jpg
data_01-29-44 : 0261.jpg
data_01-29-44 : 0262.jpg
data_01-29-44 : 0263.jpg
data_01-29-44 : 0264.jpg
data_01-36-55 : 0113.jpg
data_01-36-55 : 0114.jpg
data_01-36-55 : 0115.jpg
data_01-36-55 : 0116.jpg
data_01-36-55 : 0117.jpg
data_01-36-55 : 0118.jpg
data_01-36-55 : 0119.jpg
data_01-36-55 : 0120.jpg
data_01-36-55 : 0121.jpg
data_01-36-55 : 0122.jpg
data_01-36-55 : 0123.jpg
data_01-36-55 : 0124.jpg
data_01-36-55 : 0125.jpg
data_01-36-55 : 0126.jpg
data_01-36-55 : 0127.jpg
data_01-36-55 : 0128.jpg
data_01-36-55 : 0129.jpg
data_01-36-55 : 0130.jpg
data_01-36-55 : 0131.jpg
data_01-36-55 : 0132.jpg
data_01-36-55 : 0133.jpg
data_01-36-55 : 0134.jpg
data_01-36-55 : 0135.jpg
data_01-36-55 : 0136.jpg
data_01-36-55 : 0137.jpg
data_01-36-55 : 0138.jpg
data_01-36-55 : 0139.jpg
data_01-36-55 : 0140.jpg
data_01-36-55 : 0141.jpg
data_01-36-55 : 0142.jpg
data_01-36-55 : 0143.jpg
data_01-36-55 : 0144.jpg
data_01-36-55 : 0145.jpg
data_01-36-55 : 0146.jpg
data_01-36-55 : 0147.jpg
data_01-36-55 : 0148.jpg
data_01-36-55 : 0149.jpg
data_01-36-55 : 0150.jpg
data_01-36-55 : 0151.jpg
data_01-36-55 : 0152.jpg
data_01-36-55 : 0153.jpg
data_01-36-55 : 0154.jpg
data_01-36-55 : 0155.jpg
data_01-36-55 : 0156.jpg
data_01-36-55 : 0157.jpg
data_01-36-55 : 0158.jpg
data_01-36-55 : 0159.jpg
data_01-36-55 : 0160.jpg
data_01-36-55 : 0161.jpg
data_01-36-55 : 0162.jpg
data_01-36-55 : 0163.jpg
data_01-36-55 : 0164.jpg
data_01-36-55 : 0165.jpg
data_01-36-55 : 0166.jpg
data_01-36-55 : 0167.jpg
data_01-36-55 : 0168.jpg
data_01-36-55 : 0169.jpg
data_01-36-55 : 0170.jpg
data_01-36-55 : 0171.jpg
data_01-36-55 : 0172.jpg
data_01-36-55 : 0173.jpg
data_01-36-55 : 0174.jpg
data_01-36-55 : 0175.jpg
data_01-36-55 : 0176.jpg
data_01-36-55 : 0177.jpg
data_01-36-55 : 0178.jpg
data_01-36-55 : 0179.jpg
data_01-36-55 : 0180.jpg
data_01-36-55 : 0181.jpg
data_01-36-55 : 0182.jpg
data_01-36-55 : 0183.jpg
data_01-36-55 : 0184.jpg
data_01-36-55 : 0185.jpg
data_01-36-55 : 0186.jpg
data_01-36-55 : 0187.jpg
data_01-36-55 : 0188.jpg
data_01-36-55 : 0189.jpg
data_01-36-55 : 0190.jpg
data_01-36-55 : 0191.jpg
data_01-36-55 : 0192.jpg
data_01-36-55 : 0193.jpg
data_01-36-55 : 0194.jpg
data_01-36-55 : 0195.jpg
data_01-36-55 : 0196.jpg
data_01-36-55 : 0197.jpg
data_01-36-55 : 0198.jpg
data_01-36-55 : 0199.jpg
data_01-36-55 : 0200.jpg
data_01-36-55 : 0201.jpg
data_01-36-55 : 0202.jpg
data_01-36-55 : 0203.jpg
data_01-36-55 : 0204.jpg
data_01-36-55 : 0205.jpg
data_01-36-55 : 0206.jpg
data_01-36-55 : 0207.jpg
data_01-36-55 : 0208.jpg
data_01-36-55 : 0209.jpg
data_01-36-55 : 0210.jpg
data_01-36-55 : 0211.jpg
data_01-36-55 : 0212.jpg
data_01-36-55 : 0213.jpg
data_01-36-55 : 0214.jpg
data_01-36-55 : 0215.jpg
data_01-36-55 : 0216.jpg
data_01-36-55 : 0217.jpg
data_01-36-55 : 0218.jpg
data_01-36-55 : 0219.jpg
data_01-36-55 : 0220.jpg
data_01-36-55 : 0221.jpg
data_01-36-55 : 0222.jpg
data_01-36-55 : 0223.jpg
data_01-36-55 : 0224.jpg
data_01-36-55 : 0225.jpg
data_01-36-55 : 0226.jpg
data_01-36-55 : 0227.jpg
data_01-36-55 : 0228.jpg
data_01-36-55 : 0229.jpg
data_01-36-55 : 0230.jpg
data_01-36-55 : 0231.jpg
data_01-36-55 : 0232.jpg
data_01-36-55 : 0233.jpg
data_01-36-55 : 0234.jpg
data_01-36-55 : 0235.jpg
data_01-36-55 : 0236.jpg
data_01-36-55 : 0237.jpg
data_01-36-55 : 0238.jpg
data_01-36-55 : 0239.jpg
data_01-36-55 : 0240.jpg
data_01-36-55 : 0241.jpg
data_01-36-55 : 0242.jpg
data_01-36-55 : 0243.jpg
data_01-36-55 : 0244.jpg
data_01-36-55 : 0245.jpg
data_01-36-55 : 0246.jpg
data_01-36-55 : 0247.jpg
data_01-36-55 : 0248.jpg
data_01-36-55 : 0249.jpg
data_01-36-55 : 0250.jpg
data_01-36-55 : 0251.jpg
data_01-36-55 : 0252.jpg
data_01-36-55 : 0253.jpg
data_01-36-55 : 0254.jpg
data_01-36-55 : 0255.jpg
data_01-36-55 : 0256.jpg
data_01-36-55 : 0257.jpg
data_01-36-55 : 0258.jpg
data_01-36-55 : 0259.jpg
data_01-36-55 : 0260.jpg
data_01-36-55 : 0261.jpg
data_01-36-55 : 0262.jpg
data_01-36-55 : 0263.jpg
data_01-36-55 : 0264.jpg
data_01-36-55 : 0265.jpg
data_01-36-55 : 0266.jpg
data_01-36-55 : 0267.jpg
data_01-36-55 : 0268.jpg
data_01-36-55 : 0269.jpg
data_01-36-55 : 0270.jpg
data_01-36-55 : 0271.jpg
data_01-36-55 : 0272.jpg
data_01-36-55 : 0273.jpg
data_01-36-55 : 0274.jpg
data_01-36-55 : 0275.jpg
data_01-36-55 : 0276.jpg
data_01-36-55 : 0277.jpg
data_01-36-55 : 0278.jpg
data_01-36-55 : 0279.jpg
data_01-36-55 : 0280.jpg
data_01-36-55 : 0281.jpg
data_01-36-55 : 0282.jpg
data_01-36-55 : 0283.jpg
data_01-36-55 : 0284.jpg
data_01-36-55 : 0285.jpg
data_01-36-55 : 0286.jpg
data_01-36-55 : 0287.jpg
data_01-36-55 : 0288.jpg
data_01-36-55 : 0289.jpg
data_01-36-55 : 0290.jpg
data_01-36-55 : 0291.jpg
data_01-36-55 : 0292.jpg
data_01-36-55 : 0293.jpg
data_01-36-55 : 0294.jpg
data_01-36-55 : 0295.jpg
data_01-36-55 : 0296.jpg
data_01-36-55 : 0297.jpg
data_01-36-55 : 0298.jpg
data_01-36-55 : 0299.jpg
data_01-36-55 : 0300.jpg
data_01-36-55 : 0301.jpg
data_01-36-55 : 0302.jpg
data_01-36-55 : 0303.jpg
data_01-36-55 : 0304.jpg
data_01-36-55 : 0305.jpg
data_01-36-55 : 0306.jpg
data_01-36-55 : 0307.jpg
data_01-36-55 : 0308.jpg
data_01-36-55 : 0309.jpg
data_01-36-55 : 0310.jpg
data_01-36-55 : 0311.jpg
data_01-36-55 : 0312.jpg
data_01-36-55 : 0313.jpg
data_01-36-55 : 0314.jpg
data_01-36-55 : 0315.jpg
data_01-36-55 : 0316.jpg
data_01-36-55 : 0317.jpg
data_01-36-55 : 0318.jpg
data_01-36-55 : 0319.jpg
data_01-36-55 : 0320.jpg
data_01-36-55 : 0321.jpg
data_01-36-55 : 0322.jpg
data_01-36-55 : 0323.jpg
data_01-36-55 : 0324.jpg
data_01-36-55 : 0325.jpg
data_01-36-55 : 0326.jpg
data_01-36-55 : 0327.jpg
data_01-36-55 : 0328.jpg
data_01-36-55 : 0329.jpg
data_01-36-55 : 0330.jpg
data_01-36-55 : 0331.jpg
data_01-36-55 : 0332.jpg
data_01-36-55 : 0333.jpg
data_01-36-55 : 0334.jpg
data_01-36-55 : 0335.jpg
data_01-36-55 : 0336.jpg
data_01-38-29 : 0113.jpg
data_01-38-29 : 0114.jpg
data_01-38-29 : 0115.jpg
data_01-38-29 : 0116.jpg
data_01-38-29 : 0117.jpg
data_01-38-29 : 0118.jpg
data_01-38-29 : 0119.jpg
data_01-38-29 : 0120.jpg
data_01-38-29 : 0121.jpg
data_01-38-29 : 0122.jpg
data_01-38-29 : 0123.jpg
data_01-38-29 : 0124.jpg
data_01-38-29 : 0125.jpg
data_01-38-29 : 0126.jpg
data_01-38-29 : 0127.jpg
data_01-38-29 : 0128.jpg
data_01-38-29 : 0129.jpg
data_01-38-29 : 0130.jpg
data_01-38-29 : 0131.jpg
data_01-38-29 : 0132.jpg
data_01-38-29 : 0133.jpg
data_01-38-29 : 0134.jpg
data_01-38-29 : 0135.jpg
data_01-38-29 : 0136.jpg
data_01-38-29 : 0137.jpg
data_01-38-29 : 0138.jpg
data_01-38-29 : 0139.jpg
data_01-38-29 : 0140.jpg
data_01-38-29 : 0141.jpg
data_01-38-29 : 0142.jpg
data_01-38-29 : 0143.jpg
data_01-38-29 : 0144.jpg
data_01-38-29 : 0145.jpg
data_01-38-29 : 0146.jpg
data_01-38-29 : 0147.jpg
data_01-38-29 : 0148.jpg
data_01-38-29 : 0149.jpg
data_01-38-29 : 0150.jpg
data_01-38-29 : 0151.jpg
data_01-38-29 : 0152.jpg
data_01-38-29 : 0153.jpg
data_01-38-29 : 0154.jpg
data_01-38-29 : 0155.jpg
data_01-38-29 : 0156.jpg
data_01-38-29 : 0157.jpg
data_01-38-29 : 0158.jpg
data_01-38-29 : 0159.jpg
data_01-38-29 : 0160.jpg
data_01-38-29 : 0161.jpg
data_01-38-29 : 0162.jpg
data_01-38-29 : 0163.jpg
data_01-38-29 : 0164.jpg
data_01-38-29 : 0165.jpg
data_01-38-29 : 0166.jpg
data_01-38-29 : 0167.jpg
data_01-38-29 : 0168.jpg
data_01-38-29 : 0169.jpg
data_01-38-29 : 0170.jpg
data_01-38-29 : 0171.jpg
data_01-38-29 : 0172.jpg
data_01-38-29 : 0173.jpg
data_01-38-29 : 0174.jpg
data_01-38-29 : 0175.jpg
data_01-38-29 : 0176.jpg
data_01-38-29 : 0177.jpg
data_01-38-29 : 0178.jpg
data_01-38-29 : 0179.jpg
data_01-38-29 : 0180.jpg
data_01-38-29 : 0181.jpg
data_01-38-29 : 0182.jpg
data_01-38-29 : 0183.jpg
data_01-38-29 : 0184.jpg
data_01-38-29 : 0185.jpg
data_01-38-29 : 0186.jpg
data_01-38-29 : 0187.jpg
data_01-38-29 : 0188.jpg
data_01-38-29 : 0189.jpg
data_01-38-29 : 0190.jpg
data_01-38-29 : 0191.jpg
data_01-38-29 : 0192.jpg
data_01-38-29 : 0193.jpg
data_01-38-29 : 0194.jpg
data_01-38-29 : 0195.jpg
data_01-38-29 : 0196.jpg
data_01-38-29 : 0197.jpg
data_01-38-29 : 0198.jpg
data_01-38-29 : 0199.jpg
data_01-38-29 : 0200.jpg
data_01-38-29 : 0201.jpg
data_01-38-29 : 0202.jpg
data_01-38-29 : 0203.jpg
data_01-38-29 : 0204.jpg
data_01-38-29 : 0205.jpg
data_01-38-29 : 0206.jpg
data_01-38-29 : 0207.jpg
data_01-38-29 : 0208.jpg
data_01-38-29 : 0209.jpg
data_01-38-29 : 0210.jpg
data_01-38-29 : 0211.jpg
data_01-38-29 : 0212.jpg
data_01-38-29 : 0213.jpg
data_01-38-29 : 0214.jpg
data_01-38-29 : 0215.jpg
data_01-38-29 : 0216.jpg
data_01-38-29 : 0217.jpg
data_01-38-29 : 0218.jpg
data_01-38-29 : 0219.jpg
data_01-38-29 : 0220.jpg
data_01-38-29 : 0221.jpg
data_01-38-29 : 0222.jpg
data_01-38-29 : 0223.jpg
data_01-38-29 : 0224.jpg
data_01-38-29 : 0225.jpg
data_01-38-29 : 0226.jpg
data_01-38-29 : 0227.jpg
data_01-38-29 : 0228.jpg
data_01-38-29 : 0229.jpg
data_01-38-29 : 0230.jpg
data_01-38-29 : 0231.jpg
data_01-38-29 : 0232.jpg
data_01-38-29 : 0233.jpg
data_01-38-29 : 0234.jpg
data_01-38-29 : 0235.jpg
data_01-38-29 : 0236.jpg
data_01-38-29 : 0237.jpg
data_01-38-29 : 0238.jpg
data_01-38-29 : 0239.jpg
data_01-38-29 : 0240.jpg
data_01-38-29 : 0241.jpg
data_01-38-29 : 0242.jpg
data_01-38-29 : 0243.jpg
data_01-38-29 : 0244.jpg
data_01-38-29 : 0245.jpg
data_01-38-29 : 0246.jpg
data_01-38-29 : 0247.jpg
data_01-38-29 : 0248.jpg
data_01-38-29 : 0249.jpg
data_01-38-29 : 0250.jpg
data_01-38-29 : 0251.jpg
data_01-38-29 : 0252.jpg
data_01-38-29 : 0253.jpg
data_01-38-29 : 0254.jpg
data_01-38-29 : 0255.jpg
data_01-38-29 : 0256.jpg
data_01-38-29 : 0257.jpg
data_01-38-29 : 0258.jpg
data_01-38-29 : 0259.jpg
data_01-38-29 : 0260.jpg
data_01-38-29 : 0261.jpg
data_01-38-29 : 0262.jpg
data_01-38-29 : 0263.jpg
data_01-38-29 : 0264.jpg
data_01-38-29 : 0265.jpg
data_01-38-29 : 0266.jpg
data_01-38-29 : 0267.jpg
data_01-38-29 : 0268.jpg
data_01-38-29 : 0269.jpg
data_01-38-29 : 0270.jpg
data_01-38-29 : 0271.jpg
data_01-38-29 : 0272.jpg
data_01-38-29 : 0273.jpg
data_01-38-29 : 0274.jpg
data_01-38-29 : 0275.jpg
data_01-38-29 : 0276.jpg
data_01-38-29 : 0277.jpg
data_01-38-29 : 0278.jpg
data_01-38-29 : 0279.jpg
data_01-38-29 : 0280.jpg
data_01-38-29 : 0281.jpg
data_01-38-29 : 0282.jpg
data_01-38-29 : 0283.jpg
data_01-38-29 : 0284.jpg
data_01-38-29 : 0285.jpg
data_01-38-29 : 0286.jpg
data_01-38-29 : 0287.jpg
data_01-38-29 : 0288.jpg
data_01-38-29 : 0289.jpg
data_01-38-29 : 0290.jpg
data_01-38-29 : 0291.jpg
data_01-38-29 : 0292.jpg
data_01-38-29 : 0293.jpg
data_01-38-29 : 0294.jpg
data_01-38-29 : 0295.jpg
data_01-38-29 : 0296.jpg
data_01-38-29 : 0297.jpg
data_01-39-46 : 0113.jpg
data_01-39-46 : 0114.jpg
data_01-39-46 : 0115.jpg
data_01-39-46 : 0116.jpg
data_01-39-46 : 0117.jpg
data_01-39-46 : 0118.jpg
data_01-39-46 : 0119.jpg
data_01-39-46 : 0120.jpg
data_01-39-46 : 0121.jpg
data_01-39-46 : 0122.jpg
data_01-39-46 : 0123.jpg
data_01-39-46 : 0124.jpg
data_01-39-46 : 0125.jpg
data_01-39-46 : 0126.jpg
data_01-39-46 : 0127.jpg
data_01-39-46 : 0128.jpg
data_01-39-46 : 0129.jpg
data_01-39-46 : 0130.jpg
data_01-39-46 : 0131.jpg
data_01-39-46 : 0132.jpg
data_01-39-46 : 0133.jpg
data_01-39-46 : 0134.jpg
data_01-39-46 : 0135.jpg
data_01-39-46 : 0136.jpg
data_01-39-46 : 0137.jpg
data_01-39-46 : 0138.jpg
data_01-39-46 : 0139.jpg
data_01-39-46 : 0140.jpg
data_01-39-46 : 0141.jpg
data_01-39-46 : 0142.jpg
data_01-39-46 : 0143.jpg
data_01-39-46 : 0144.jpg
data_01-39-46 : 0145.jpg
data_01-39-46 : 0146.jpg
data_01-39-46 : 0147.jpg
data_01-39-46 : 0148.jpg
data_01-39-46 : 0149.jpg
data_01-39-46 : 0150.jpg
data_01-39-46 : 0151.jpg
data_01-39-46 : 0152.jpg
data_01-39-46 : 0153.jpg
data_01-39-46 : 0154.jpg
data_01-39-46 : 0155.jpg
data_01-39-46 : 0156.jpg
data_01-39-46 : 0157.jpg
data_01-39-46 : 0158.jpg
data_01-39-46 : 0159.jpg
data_01-39-46 : 0160.jpg
data_01-39-46 : 0161.jpg
data_01-39-46 : 0162.jpg
data_01-39-46 : 0163.jpg
data_01-39-46 : 0164.jpg
data_01-39-46 : 0165.jpg
data_01-39-46 : 0166.jpg
data_01-39-46 : 0167.jpg
data_01-39-46 : 0168.jpg
data_01-39-46 : 0169.jpg
data_01-39-46 : 0170.jpg
data_01-39-46 : 0171.jpg
data_01-39-46 : 0172.jpg
data_01-39-46 : 0173.jpg
data_01-39-46 : 0174.jpg
data_01-39-46 : 0175.jpg
data_01-39-46 : 0176.jpg
data_01-39-46 : 0177.jpg
data_01-39-46 : 0178.jpg
data_01-39-46 : 0179.jpg
data_01-39-46 : 0180.jpg
data_01-39-46 : 0181.jpg
data_01-39-46 : 0182.jpg
data_01-39-46 : 0183.jpg
data_01-39-46 : 0184.jpg
data_01-39-46 : 0185.jpg
data_01-39-46 : 0186.jpg
data_01-39-46 : 0187.jpg
data_01-39-46 : 0188.jpg
data_01-39-46 : 0189.jpg
data_01-39-46 : 0190.jpg
data_01-39-46 : 0191.jpg
data_01-39-46 : 0192.jpg
data_01-39-46 : 0193.jpg
data_01-39-46 : 0194.jpg
data_01-39-46 : 0195.jpg
data_01-39-46 : 0196.jpg
data_01-39-46 : 0197.jpg
data_01-39-46 : 0198.jpg
data_01-39-46 : 0199.jpg
data_01-39-46 : 0200.jpg
data_01-39-46 : 0201.jpg
data_01-39-46 : 0202.jpg
data_01-39-46 : 0203.jpg
data_01-39-46 : 0204.jpg
data_01-39-46 : 0205.jpg
data_01-39-46 : 0206.jpg
data_01-39-46 : 0207.jpg
data_01-39-46 : 0208.jpg
data_01-39-46 : 0209.jpg
data_01-39-46 : 0210.jpg
data_01-39-46 : 0211.jpg
data_01-39-46 : 0212.jpg
data_01-39-46 : 0213.jpg
data_01-39-46 : 0214.jpg
data_01-39-46 : 0215.jpg
data_01-39-46 : 0216.jpg
data_01-39-46 : 0217.jpg
data_01-39-46 : 0218.jpg
data_01-39-46 : 0219.jpg
data_01-39-46 : 0220.jpg
data_01-39-46 : 0221.jpg
data_01-39-46 : 0222.jpg
data_01-39-46 : 0223.jpg
data_01-39-46 : 0224.jpg
data_01-39-46 : 0225.jpg
data_01-39-46 : 0226.jpg
data_01-39-46 : 0227.jpg
data_01-39-46 : 0228.jpg
data_01-39-46 : 0229.jpg
data_01-39-46 : 0230.jpg
data_01-39-46 : 0231.jpg
data_01-39-46 : 0232.jpg
data_01-39-46 : 0233.jpg
data_01-39-46 : 0234.jpg
data_01-39-46 : 0235.jpg
data_01-39-46 : 0236.jpg
data_01-39-46 : 0237.jpg
data_01-39-46 : 0238.jpg
data_01-39-46 : 0239.jpg
data_01-39-46 : 0240.jpg
data_01-39-46 : 0241.jpg
data_01-39-46 : 0242.jpg
data_01-39-46 : 0243.jpg
data_01-39-46 : 0244.jpg
data_01-39-46 : 0245.jpg
data_01-39-46 : 0246.jpg
data_01-39-46 : 0247.jpg
data_01-39-46 : 0248.jpg
data_01-39-46 : 0249.jpg
data_01-39-46 : 0250.jpg
data_01-39-46 : 0251.jpg
data_01-39-46 : 0252.jpg
data_01-39-46 : 0253.jpg
data_01-39-46 : 0254.jpg
data_01-39-46 : 0255.jpg
data_01-39-46 : 0256.jpg
data_01-39-46 : 0257.jpg
data_01-39-46 : 0258.jpg
data_01-39-46 : 0259.jpg
data_01-39-46 : 0260.jpg
data_01-39-46 : 0261.jpg
data_01-39-46 : 0262.jpg
data_01-39-46 : 0263.jpg
data_01-39-46 : 0264.jpg
data_01-39-46 : 0265.jpg
data_01-39-46 : 0266.jpg
data_01-39-46 : 0267.jpg
data_01-39-46 : 0268.jpg
data_01-39-46 : 0269.jpg
data_01-39-46 : 0270.jpg
data_01-39-46 : 0271.jpg
data_01-39-46 : 0272.jpg
data_01-39-46 : 0273.jpg
data_01-39-46 : 0274.jpg
data_01-39-46 : 0275.jpg
data_01-39-46 : 0276.jpg
data_01-39-46 : 0277.jpg
data_01-39-46 : 0278.jpg
data_01-41-33 : 0113.jpg
data_01-41-33 : 0114.jpg
data_01-41-33 : 0115.jpg
data_01-41-33 : 0116.jpg
data_01-41-33 : 0117.jpg
data_01-41-33 : 0118.jpg
data_01-41-33 : 0119.jpg
data_01-41-33 : 0120.jpg
data_01-41-33 : 0121.jpg
data_01-41-33 : 0122.jpg
data_01-41-33 : 0123.jpg
data_01-41-33 : 0124.jpg
data_01-41-33 : 0125.jpg
data_01-41-33 : 0126.jpg
data_01-41-33 : 0127.jpg
data_01-41-33 : 0128.jpg
data_01-41-33 : 0129.jpg
data_01-41-33 : 0130.jpg
data_01-41-33 : 0131.jpg
data_01-41-33 : 0132.jpg
data_01-41-33 : 0133.jpg
data_01-41-33 : 0134.jpg
data_01-41-33 : 0135.jpg
data_01-41-33 : 0136.jpg
data_01-41-33 : 0137.jpg
data_01-41-33 : 0138.jpg
data_01-41-33 : 0139.jpg
data_01-41-33 : 0140.jpg
data_01-41-33 : 0141.jpg
data_01-41-33 : 0142.jpg
data_01-41-33 : 0143.jpg
data_01-41-33 : 0144.jpg
data_01-41-33 : 0145.jpg
data_01-41-33 : 0146.jpg
data_01-41-33 : 0147.jpg
data_01-41-33 : 0148.jpg
data_01-41-33 : 0149.jpg
data_01-41-33 : 0150.jpg
data_01-41-33 : 0151.jpg
data_01-41-33 : 0152.jpg
data_01-41-33 : 0153.jpg
data_01-41-33 : 0154.jpg
data_01-41-33 : 0155.jpg
data_01-41-33 : 0156.jpg
data_01-41-33 : 0157.jpg
data_01-41-33 : 0158.jpg
data_01-41-33 : 0159.jpg
data_01-41-33 : 0160.jpg
data_01-41-33 : 0161.jpg
data_01-41-33 : 0162.jpg
data_01-41-33 : 0163.jpg
data_01-41-33 : 0164.jpg
data_01-41-33 : 0165.jpg
data_01-41-33 : 0166.jpg
data_01-41-33 : 0167.jpg
data_01-41-33 : 0168.jpg
data_01-41-33 : 0169.jpg
data_01-41-33 : 0170.jpg
data_01-41-33 : 0171.jpg
data_01-41-33 : 0172.jpg
data_01-41-33 : 0173.jpg
data_01-41-33 : 0174.jpg
data_01-41-33 : 0175.jpg
data_01-41-33 : 0176.jpg
data_01-41-33 : 0177.jpg
data_01-41-33 : 0178.jpg
data_01-41-33 : 0179.jpg
data_01-41-33 : 0180.jpg
data_01-41-33 : 0181.jpg
data_01-41-33 : 0182.jpg
data_01-41-33 : 0183.jpg
data_01-41-33 : 0184.jpg
data_01-41-33 : 0185.jpg
data_01-41-33 : 0186.jpg
data_01-41-33 : 0187.jpg
data_01-41-33 : 0188.jpg
data_01-41-33 : 0189.jpg
data_01-41-33 : 0190.jpg
data_01-41-33 : 0191.jpg
data_01-41-33 : 0192.jpg
data_01-41-33 : 0193.jpg
data_01-41-33 : 0194.jpg
data_01-41-33 : 0195.jpg
data_01-41-33 : 0196.jpg
data_01-41-33 : 0197.jpg
data_01-41-33 : 0198.jpg
data_01-41-33 : 0199.jpg
data_01-41-33 : 0200.jpg
data_01-41-33 : 0201.jpg
data_01-41-33 : 0202.jpg
data_01-41-33 : 0203.jpg
data_01-41-33 : 0204.jpg
data_01-41-33 : 0205.jpg
data_01-41-33 : 0206.jpg
data_01-41-33 : 0207.jpg
data_01-41-33 : 0208.jpg
data_01-41-33 : 0209.jpg
data_01-41-33 : 0210.jpg
data_01-41-33 : 0211.jpg
data_01-41-33 : 0212.jpg
data_01-41-33 : 0213.jpg
data_01-41-33 : 0214.jpg
data_01-41-33 : 0215.jpg
data_01-41-33 : 0216.jpg
data_01-41-33 : 0217.jpg
data_01-41-33 : 0218.jpg
data_01-41-33 : 0219.jpg
